<html>
<body>
<pre>
<h1>µVision Build Log</h1>
<h2>Tool Versions:</h2>
IDE-Version: ¦ÌVision V5.34.0.0
Copyright (C) 2021 ARM Ltd and ARM Germany GmbH. All rights reserved.
License Information: Keil A51, 1, LIC=W96CK-ZB81B-F1DPT-REIFD-YBSK0-4KENT
 
Tool Versions:
Toolchain:       MDK-ARM Professional  Version: 5.34.0.0
Toolchain Path:  D:\Learn\Keil5_v5\ARM\ARMCLANG\Bin
C Compiler:      ArmClang.exe V6.16
Assembler:       Armasm.exe V6.16
Linker/Locator:  ArmLink.exe V6.16
Library Manager: ArmAr.exe V6.16
Hex Converter:   FromElf.exe V6.16
CPU DLL:         SARMCM3.DLL V5.34.0.0
Dialog DLL:      DARMCM1.DLL V1.19.4.0
Target DLL:      CMSIS_AGDI.dll V1.32.13.0
Dialog DLL:      TARMCM1.DLL V1.14.3.0
 
<h2>Project:</h2>
D:\Learn\Learn\KeilProject\TI_MSPM0G3507_Project\MSPM0G3507_Template_State_Five\keil\MSPM0G3507_Template_State_Five.uvprojx
Project File Date:  06/19/2026

<h2>Output:</h2>
*** Using Compiler 'V6.16', folder: 'D:\Learn\Keil5_v5\ARM\ARMCLANG\Bin'
Rebuild target 'MSPM0G3507_Template_State_Five'
Before Build - User command #1: cmd.exe /C "D:\TI\mspm0_sdk_2_00_01_00\tools\keil\syscfg.bat 'D:\Learn\Learn\KeilProject\TI_MSPM0G3507_Project\MSPM0G3507_Template_State_Five\keil\' MSPM0G3507_Template_State_Five.syscfg"
Using Sysconfig Tool from D:\TI\sysconfig_cli.bat
"Update the file located at <sdk path>/tools/keil/syscfg.bat to use a different version"
Running script...
Validating...
info: /ti/project_config/ProjectConfig deviceSpin: Note: User must select a device after migration. 
Generating Code (MSPM0G3507_Template_State_Five.syscfg)...
Unchanged D:\Learn\Learn\KeilProject\TI_MSPM0G3507_Project\MSPM0G3507_Template_State_Five\ti_msp_dl_config.c...
Unchanged D:\Learn\Learn\KeilProject\TI_MSPM0G3507_Project\MSPM0G3507_Template_State_Five\ti_msp_dl_config.h...
compiling bsp_encoder.c...
compiling main.c...
assembling startup_mspm0g350x_uvision.s...
compiling mpu_port.c...
compiling bsp_led.c...
compiling sub_state_machine.c...
compiling bsp_oled.c...
compiling bsp_led_instances.c...
compiling bsp_motor.c...
compiling bsp_key.c...
compiling pid_ctrl.c...
compiling msg_map.c...
compiling app_state_machine.c...
compiling board.c...
compiling ti_msp_dl_config.c...
linking...
Program Size: Code=736 RO-data=208 RW-data=0 ZI-data=360  
FromELF: creating hex file...
".\Objects\MSPM0G3507_Template_State_Five.axf" - 0 Error(s), 0 Warning(s).

<h2>Software Packages used:</h2>

Package Vendor: TexasInstruments
                https://software-dl.ti.com/msp430/esd/MSPM0-CMSIS/MSPM0G1X0X_G3X0X/latest/exports/TexasInstruments.MSPM0G1X0X_G3X0X_DFP.1.3.1.pack
                TexasInstruments.MSPM0G1X0X_G3X0X_DFP.1.3.1
                Device Family Pack for Texas Instruments MSPM0G1X0X_G3X0X Series

<h2>Collection of Component include folders:</h2>

<h2>Collection of Component Files used:</h2>
Build Time Elapsed:  00:00:02
</pre>
</body>
</html>
