Component: ARM Compiler 6.16 Tool: armlink [5dfeaa00]

==============================================================================

Section Cross References

    main.o(.text.main) refers to board.o(.text.Board_Init) for Board_Init
    main.o(.text.main) refers to msg_map.o(.text.MsgMap_Init) for MsgMap_Init
    main.o(.text.main) refers to app_state_machine.o(.text.AppSM_Init) for AppSM_Init
    main.o(.text.main) refers to sub_state_machine.o(.text.SubSM_Init) for SubSM_Init
    main.o(.text.main) refers to msg_map.o(.text.MsgMap_Get) for MsgMap_Get
    main.o(.text.main) refers to app_state_machine.o(.text.AppSM_Run) for AppSM_Run
    main.o(.text.main) refers to sub_state_machine.o(.text.SubSM_Run) for SubSM_Run
    main.o(.text.main) refers to msg_map.o(.text.MsgMap_Clear) for MsgMap_Clear
    main.o(.ARM.exidx.text.main) refers to main.o(.text.main) for [Anonymous Symbol]
    startup_mspm0g350x_uvision.o(STACK) refers (Special) to heapauxi.o(.text) for __use_two_region_memory
    startup_mspm0g350x_uvision.o(HEAP) refers (Special) to heapauxi.o(.text) for __use_two_region_memory
    startup_mspm0g350x_uvision.o(RESET) refers (Special) to heapauxi.o(.text) for __use_two_region_memory
    startup_mspm0g350x_uvision.o(RESET) refers to startup_mspm0g350x_uvision.o(STACK) for __initial_sp
    startup_mspm0g350x_uvision.o(RESET) refers to startup_mspm0g350x_uvision.o(.text) for Reset_Handler
    startup_mspm0g350x_uvision.o(.text) refers (Special) to heapauxi.o(.text) for __use_two_region_memory
    startup_mspm0g350x_uvision.o(.text) refers to __main.o(!!!main) for __main
    startup_mspm0g350x_uvision.o(.text) refers to startup_mspm0g350x_uvision.o(HEAP) for Heap_Mem
    startup_mspm0g350x_uvision.o(.text) refers to startup_mspm0g350x_uvision.o(STACK) for Stack_Mem
    ti_msp_dl_config.o(.text.SYSCFG_DL_init) refers to ti_msp_dl_config.o(.text.SYSCFG_DL_initPower) for SYSCFG_DL_initPower
    ti_msp_dl_config.o(.text.SYSCFG_DL_init) refers to ti_msp_dl_config.o(.text.SYSCFG_DL_GPIO_init) for SYSCFG_DL_GPIO_init
    ti_msp_dl_config.o(.text.SYSCFG_DL_init) refers to ti_msp_dl_config.o(.text.SYSCFG_DL_SYSCTL_init) for SYSCFG_DL_SYSCTL_init
    ti_msp_dl_config.o(.ARM.exidx.text.SYSCFG_DL_init) refers to ti_msp_dl_config.o(.text.SYSCFG_DL_init) for [Anonymous Symbol]
    ti_msp_dl_config.o(.text.SYSCFG_DL_initPower) refers to dl_common.o(.text.DL_Common_delayCycles) for DL_Common_delayCycles
    ti_msp_dl_config.o(.ARM.exidx.text.SYSCFG_DL_initPower) refers to ti_msp_dl_config.o(.text.SYSCFG_DL_initPower) for [Anonymous Symbol]
    ti_msp_dl_config.o(.ARM.exidx.text.SYSCFG_DL_GPIO_init) refers to ti_msp_dl_config.o(.text.SYSCFG_DL_GPIO_init) for [Anonymous Symbol]
    ti_msp_dl_config.o(.ARM.exidx.text.SYSCFG_DL_SYSCTL_init) refers to ti_msp_dl_config.o(.text.SYSCFG_DL_SYSCTL_init) for [Anonymous Symbol]
    board.o(.text.Board_Init) refers to ti_msp_dl_config.o(.text.SYSCFG_DL_init) for SYSCFG_DL_init
    board.o(.ARM.exidx.text.Board_Init) refers to board.o(.text.Board_Init) for [Anonymous Symbol]
    app_state_machine.o(.text.AppSM_Init) refers to pid_ctrl.o(.text.PID_Init) for PID_Init
    app_state_machine.o(.text.AppSM_Init) refers to bsp_motor.o(.text.BspMotor_Init) for BspMotor_Init
    app_state_machine.o(.text.AppSM_Init) refers to bsp_encoder.o(.text.BspEncoder_Init) for BspEncoder_Init
    app_state_machine.o(.text.AppSM_Init) refers to bsp_oled.o(.text.BspOled_Init) for BspOled_Init
    app_state_machine.o(.text.AppSM_Init) refers to app_state_machine.o(.bss.s_state) for [Anonymous Symbol]
    app_state_machine.o(.ARM.exidx.text.AppSM_Init) refers to app_state_machine.o(.text.AppSM_Init) for [Anonymous Symbol]
    app_state_machine.o(.text.AppSM_Run) refers to bsp_encoder.o(.text.BspEncoder_Update) for BspEncoder_Update
    app_state_machine.o(.text.AppSM_Run) refers to pid_ctrl.o(.text.PID_Update) for PID_Update
    app_state_machine.o(.text.AppSM_Run) refers to bsp_motor.o(.text.BspMotor_Update) for BspMotor_Update
    app_state_machine.o(.text.AppSM_Run) refers to bsp_motor.o(.text.BspMotor_Stop) for BspMotor_Stop
    app_state_machine.o(.text.AppSM_Run) refers to app_state_machine.o(.bss.s_state) for [Anonymous Symbol]
    app_state_machine.o(.ARM.exidx.text.AppSM_Run) refers to app_state_machine.o(.text.AppSM_Run) for [Anonymous Symbol]
    app_state_machine.o(.text.AppSM_GetState) refers to app_state_machine.o(.bss.s_state) for [Anonymous Symbol]
    app_state_machine.o(.ARM.exidx.text.AppSM_GetState) refers to app_state_machine.o(.text.AppSM_GetState) for [Anonymous Symbol]
    app_state_machine.o(.text.AppSM_SetState) refers to app_state_machine.o(.bss.s_state) for [Anonymous Symbol]
    app_state_machine.o(.ARM.exidx.text.AppSM_SetState) refers to app_state_machine.o(.text.AppSM_SetState) for [Anonymous Symbol]
    pid_ctrl.o(.ARM.exidx.text.PID_Init) refers to pid_ctrl.o(.text.PID_Init) for [Anonymous Symbol]
    pid_ctrl.o(.ARM.exidx.text.PID_Update) refers to pid_ctrl.o(.text.PID_Update) for [Anonymous Symbol]
    pid_ctrl.o(.text.PID_Calc) refers to faddsub.o(x$fpl$fsub) for __aeabi_fsub
    pid_ctrl.o(.text.PID_Calc) refers to faddsub.o(x$fpl$fadd) for __aeabi_fadd
    pid_ctrl.o(.text.PID_Calc) refers to fmul.o(x$fpl$fmul) for __aeabi_fmul
    pid_ctrl.o(.ARM.exidx.text.PID_Calc) refers to pid_ctrl.o(.text.PID_Calc) for [Anonymous Symbol]
    msg_map.o(.text.MsgMap_Init) refers to msg_map.o(.bss.s_msg) for [Anonymous Symbol]
    msg_map.o(.ARM.exidx.text.MsgMap_Init) refers to msg_map.o(.text.MsgMap_Init) for [Anonymous Symbol]
    msg_map.o(.text.MsgMap_Get) refers to msg_map.o(.bss.s_msg) for [Anonymous Symbol]
    msg_map.o(.ARM.exidx.text.MsgMap_Get) refers to msg_map.o(.text.MsgMap_Get) for [Anonymous Symbol]
    msg_map.o(.text.MsgMap_Set) refers to msg_map.o(.bss.s_msg) for [Anonymous Symbol]
    msg_map.o(.ARM.exidx.text.MsgMap_Set) refers to msg_map.o(.text.MsgMap_Set) for [Anonymous Symbol]
    msg_map.o(.text.MsgMap_Clear) refers to msg_map.o(.bss.s_msg) for [Anonymous Symbol]
    msg_map.o(.ARM.exidx.text.MsgMap_Clear) refers to msg_map.o(.text.MsgMap_Clear) for [Anonymous Symbol]
    sub_state_machine.o(.text.SubSM_Init) refers to sub_state_machine.o(.bss.s_state) for [Anonymous Symbol]
    sub_state_machine.o(.ARM.exidx.text.SubSM_Init) refers to sub_state_machine.o(.text.SubSM_Init) for [Anonymous Symbol]
    sub_state_machine.o(.text.SubSM_Run) refers to sub_state_machine.o(.bss.s_state) for [Anonymous Symbol]
    sub_state_machine.o(.ARM.exidx.text.SubSM_Run) refers to sub_state_machine.o(.text.SubSM_Run) for [Anonymous Symbol]
    sub_state_machine.o(.text.SubSM_GetState) refers to sub_state_machine.o(.bss.s_state) for [Anonymous Symbol]
    sub_state_machine.o(.ARM.exidx.text.SubSM_GetState) refers to sub_state_machine.o(.text.SubSM_GetState) for [Anonymous Symbol]
    bsp_motor.o(.ARM.exidx.text.BspMotor_Init) refers to bsp_motor.o(.text.BspMotor_Init) for [Anonymous Symbol]
    bsp_motor.o(.ARM.exidx.text.BspMotor_Update) refers to bsp_motor.o(.text.BspMotor_Update) for [Anonymous Symbol]
    bsp_motor.o(.ARM.exidx.text.BspMotor_Stop) refers to bsp_motor.o(.text.BspMotor_Stop) for [Anonymous Symbol]
    bsp_encoder.o(.ARM.exidx.text.BspEncoder_Init) refers to bsp_encoder.o(.text.BspEncoder_Init) for [Anonymous Symbol]
    bsp_encoder.o(.ARM.exidx.text.BspEncoder_Update) refers to bsp_encoder.o(.text.BspEncoder_Update) for [Anonymous Symbol]
    bsp_encoder.o(.ARM.exidx.text.BspEncoder_GetLeftSpeed) refers to bsp_encoder.o(.text.BspEncoder_GetLeftSpeed) for [Anonymous Symbol]
    bsp_encoder.o(.ARM.exidx.text.BspEncoder_GetRightSpeed) refers to bsp_encoder.o(.text.BspEncoder_GetRightSpeed) for [Anonymous Symbol]
    bsp_oled.o(.ARM.exidx.text.BspOled_Init) refers to bsp_oled.o(.text.BspOled_Init) for [Anonymous Symbol]
    bsp_oled.o(.ARM.exidx.text.BspOled_Task) refers to bsp_oled.o(.text.BspOled_Task) for [Anonymous Symbol]
    bsp_key.o(.ARM.exidx.text.BspKey_Init) refers to bsp_key.o(.text.BspKey_Init) for [Anonymous Symbol]
    bsp_key.o(.ARM.exidx.text.BspKey_Task) refers to bsp_key.o(.text.BspKey_Task) for [Anonymous Symbol]
    bsp_led.o(.ARM.exidx.text._Led_Init) refers to bsp_led.o(.text._Led_Init) for [Anonymous Symbol]
    bsp_led.o(.ARM.exidx.text._Led_On) refers to bsp_led.o(.text._Led_On) for [Anonymous Symbol]
    bsp_led.o(.ARM.exidx.text._Led_Off) refers to bsp_led.o(.text._Led_Off) for [Anonymous Symbol]
    bsp_led.o(.ARM.exidx.text._Led_Toggle) refers to bsp_led.o(.text._Led_Toggle) for [Anonymous Symbol]
    bsp_led.o(.data.bspLedCon) refers to bsp_led.o(.text._Led_Init) for _Led_Init
    bsp_led.o(.data.bspLedCon) refers to bsp_led.o(.text._Led_On) for _Led_On
    bsp_led.o(.data.bspLedCon) refers to bsp_led.o(.text._Led_Off) for _Led_Off
    bsp_led.o(.data.bspLedCon) refers to bsp_led.o(.text._Led_Toggle) for _Led_Toggle
    mpu_port.o(.ARM.exidx.text.MpuPort_Init) refers to mpu_port.o(.text.MpuPort_Init) for [Anonymous Symbol]
    mpu_port.o(.ARM.exidx.text.MpuPort_Task) refers to mpu_port.o(.text.MpuPort_Task) for [Anonymous Symbol]
    dl_common.o(.ARM.exidx.text.DL_Common_delayCycles) refers to dl_common.o(.text.DL_Common_delayCycles) for [Anonymous Symbol]
    __main.o(!!!main) refers to __rtentry.o(.ARM.Collect$$rtentry$$00000000) for __rt_entry
    faddsub.o(x$fpl$fadd) refers (Special) to usenofp.o(x$fpl$usenofp) for __I$use$fp
    faddsub.o(x$fpl$fadd) refers to faddsub.o(x$fpl$fsub) for _fsub1
    faddsub.o(x$fpl$frsb) refers (Special) to usenofp.o(x$fpl$usenofp) for __I$use$fp
    faddsub.o(x$fpl$frsb) refers to faddsub.o(x$fpl$fsub) for _fsub1
    faddsub.o(x$fpl$frsb) refers to faddsub.o(x$fpl$fadd) for _fadd1
    faddsub.o(x$fpl$fsub) refers (Special) to usenofp.o(x$fpl$usenofp) for __I$use$fp
    faddsub.o(x$fpl$fsub) refers to faddsub.o(x$fpl$fadd) for _fadd1
    fmul.o(x$fpl$fmul) refers (Special) to usenofp.o(x$fpl$usenofp) for __I$use$fp
    __rtentry.o(.ARM.Collect$$rtentry$$00000000) refers (Special) to __rtentry2.o(.ARM.Collect$$rtentry$$0000000A) for __rt_entry_li
    __rtentry.o(.ARM.Collect$$rtentry$$00000000) refers (Special) to __rtentry2.o(.ARM.Collect$$rtentry$$0000000D) for __rt_entry_main
    __rtentry.o(.ARM.Collect$$rtentry$$00000000) refers (Special) to __rtentry2.o(.ARM.Collect$$rtentry$$0000000C) for __rt_entry_postli_1
    __rtentry.o(.ARM.Collect$$rtentry$$00000000) refers (Special) to __rtentry2.o(.ARM.Collect$$rtentry$$00000009) for __rt_entry_postsh_1
    __rtentry.o(.ARM.Collect$$rtentry$$00000000) refers (Special) to __rtentry2.o(.ARM.Collect$$rtentry$$00000002) for __rt_entry_presh_1
    __rtentry.o(.ARM.Collect$$rtentry$$00000000) refers (Special) to __rtentry4.o(.ARM.Collect$$rtentry$$00000004) for __rt_entry_sh
    __rtentry2.o(.ARM.Collect$$rtentry$$00000008) refers to boardinit2.o(.text) for _platform_post_stackheap_init
    __rtentry2.o(.ARM.Collect$$rtentry$$0000000A) refers to libinit.o(.ARM.Collect$$libinit$$00000000) for __rt_lib_init
    __rtentry2.o(.ARM.Collect$$rtentry$$0000000B) refers to boardinit3.o(.text) for _platform_post_lib_init
    __rtentry2.o(.ARM.Collect$$rtentry$$0000000D) refers to main.o(.text.main) for main
    __rtentry2.o(.ARM.Collect$$rtentry$$0000000D) refers to exit.o(.text) for exit
    __rtentry2.o(.ARM.exidx) refers to __rtentry2.o(.ARM.Collect$$rtentry$$00000001) for .ARM.Collect$$rtentry$$00000001
    __rtentry2.o(.ARM.exidx) refers to __rtentry2.o(.ARM.Collect$$rtentry$$00000008) for .ARM.Collect$$rtentry$$00000008
    __rtentry2.o(.ARM.exidx) refers to __rtentry2.o(.ARM.Collect$$rtentry$$0000000A) for .ARM.Collect$$rtentry$$0000000A
    __rtentry2.o(.ARM.exidx) refers to __rtentry2.o(.ARM.Collect$$rtentry$$0000000B) for .ARM.Collect$$rtentry$$0000000B
    __rtentry2.o(.ARM.exidx) refers to __rtentry2.o(.ARM.Collect$$rtentry$$0000000D) for .ARM.Collect$$rtentry$$0000000D
    __rtentry4.o(.ARM.Collect$$rtentry$$00000004) refers to sys_stackheap_outer.o(.text) for __user_setup_stackheap
    __rtentry4.o(.ARM.exidx) refers to __rtentry4.o(.ARM.Collect$$rtentry$$00000004) for .ARM.Collect$$rtentry$$00000004
    sys_stackheap_outer.o(.text) refers to libspace.o(.text) for __user_perproc_libspace
    sys_stackheap_outer.o(.text) refers to startup_mspm0g350x_uvision.o(.text) for __user_initial_stackheap
    sys_stackheap_outer.o(__vectab_stack_and_reset_area) refers to tempstk.o(.text) for __temporary_stack_top
    sys_stackheap_outer.o(__vectab_stack_and_reset_area) refers to __main.o(!!!main) for __main
    exit.o(.text) refers to rtexit.o(.ARM.Collect$$rtexit$$00000000) for __rt_exit
    libinit.o(.ARM.Collect$$libinit$$00000000) refers (Special) to libinit2.o(.ARM.Collect$$libinit$$0000002E) for __rt_lib_init_alloca_1
    libinit.o(.ARM.Collect$$libinit$$00000000) refers (Special) to libinit2.o(.ARM.Collect$$libinit$$0000002C) for __rt_lib_init_argv_1
    libinit.o(.ARM.Collect$$libinit$$00000000) refers (Special) to libinit2.o(.ARM.Collect$$libinit$$0000001B) for __rt_lib_init_atexit_1
    libinit.o(.ARM.Collect$$libinit$$00000000) refers (Special) to libinit2.o(.ARM.Collect$$libinit$$00000021) for __rt_lib_init_clock_1
    libinit.o(.ARM.Collect$$libinit$$00000000) refers (Special) to libinit2.o(.ARM.Collect$$libinit$$00000032) for __rt_lib_init_cpp_1
    libinit.o(.ARM.Collect$$libinit$$00000000) refers (Special) to libinit2.o(.ARM.Collect$$libinit$$00000030) for __rt_lib_init_exceptions_1
    libinit.o(.ARM.Collect$$libinit$$00000000) refers (Special) to libinit2.o(.ARM.Collect$$libinit$$00000002) for __rt_lib_init_fp_1
    libinit.o(.ARM.Collect$$libinit$$00000000) refers (Special) to libinit2.o(.ARM.Collect$$libinit$$0000001F) for __rt_lib_init_fp_trap_1
    libinit.o(.ARM.Collect$$libinit$$00000000) refers (Special) to libinit2.o(.ARM.Collect$$libinit$$00000023) for __rt_lib_init_getenv_1
    libinit.o(.ARM.Collect$$libinit$$00000000) refers (Special) to libinit2.o(.ARM.Collect$$libinit$$0000000A) for __rt_lib_init_heap_1
    libinit.o(.ARM.Collect$$libinit$$00000000) refers (Special) to libinit2.o(.ARM.Collect$$libinit$$00000011) for __rt_lib_init_lc_collate_1
    libinit.o(.ARM.Collect$$libinit$$00000000) refers (Special) to libinit2.o(.ARM.Collect$$libinit$$00000013) for __rt_lib_init_lc_ctype_1
    libinit.o(.ARM.Collect$$libinit$$00000000) refers (Special) to libinit2.o(.ARM.Collect$$libinit$$00000015) for __rt_lib_init_lc_monetary_1
    libinit.o(.ARM.Collect$$libinit$$00000000) refers (Special) to libinit2.o(.ARM.Collect$$libinit$$00000017) for __rt_lib_init_lc_numeric_1
    libinit.o(.ARM.Collect$$libinit$$00000000) refers (Special) to libinit2.o(.ARM.Collect$$libinit$$00000019) for __rt_lib_init_lc_time_1
    libinit.o(.ARM.Collect$$libinit$$00000000) refers (Special) to libinit2.o(.ARM.Collect$$libinit$$00000004) for __rt_lib_init_preinit_1
    libinit.o(.ARM.Collect$$libinit$$00000000) refers (Special) to libinit2.o(.ARM.Collect$$libinit$$0000000E) for __rt_lib_init_rand_1
    libinit.o(.ARM.Collect$$libinit$$00000000) refers (Special) to libinit2.o(.ARM.Collect$$libinit$$00000033) for __rt_lib_init_return
    libinit.o(.ARM.Collect$$libinit$$00000000) refers (Special) to libinit2.o(.ARM.Collect$$libinit$$0000001D) for __rt_lib_init_signal_1
    libinit.o(.ARM.Collect$$libinit$$00000000) refers (Special) to libinit2.o(.ARM.Collect$$libinit$$00000025) for __rt_lib_init_stdio_1
    libinit.o(.ARM.Collect$$libinit$$00000000) refers (Special) to libinit2.o(.ARM.Collect$$libinit$$0000000C) for __rt_lib_init_user_alloc_1
    libspace.o(.text) refers to libspace.o(.bss) for __libspace_start
    rtexit.o(.ARM.Collect$$rtexit$$00000000) refers (Special) to rtexit2.o(.ARM.Collect$$rtexit$$00000004) for __rt_exit_exit
    rtexit.o(.ARM.Collect$$rtexit$$00000000) refers (Special) to rtexit2.o(.ARM.Collect$$rtexit$$00000003) for __rt_exit_ls
    rtexit.o(.ARM.Collect$$rtexit$$00000000) refers (Special) to rtexit2.o(.ARM.Collect$$rtexit$$00000002) for __rt_exit_prels_1
    rtexit.o(.ARM.exidx) refers (Special) to rtexit2.o(.ARM.Collect$$rtexit$$00000004) for __rt_exit_exit
    rtexit.o(.ARM.exidx) refers (Special) to rtexit2.o(.ARM.Collect$$rtexit$$00000003) for __rt_exit_ls
    rtexit.o(.ARM.exidx) refers (Special) to rtexit2.o(.ARM.Collect$$rtexit$$00000002) for __rt_exit_prels_1
    rtexit.o(.ARM.exidx) refers to rtexit.o(.ARM.Collect$$rtexit$$00000000) for .ARM.Collect$$rtexit$$00000000
    libinit2.o(.ARM.Collect$$libinit$$00000010) refers to libinit2.o(.ARM.Collect$$libinit$$0000000F) for .ARM.Collect$$libinit$$0000000F
    libinit2.o(.ARM.Collect$$libinit$$00000012) refers to libinit2.o(.ARM.Collect$$libinit$$0000000F) for .ARM.Collect$$libinit$$0000000F
    libinit2.o(.ARM.Collect$$libinit$$00000014) refers to libinit2.o(.ARM.Collect$$libinit$$0000000F) for .ARM.Collect$$libinit$$0000000F
    libinit2.o(.ARM.Collect$$libinit$$00000016) refers to libinit2.o(.ARM.Collect$$libinit$$0000000F) for .ARM.Collect$$libinit$$0000000F
    libinit2.o(.ARM.Collect$$libinit$$00000018) refers to libinit2.o(.ARM.Collect$$libinit$$0000000F) for .ARM.Collect$$libinit$$0000000F
    libinit2.o(.ARM.Collect$$libinit$$00000026) refers to argv_veneer.o(.text) for __ARM_argv_veneer
    libinit2.o(.ARM.Collect$$libinit$$00000027) refers to argv_veneer.o(.text) for __ARM_argv_veneer
    rtexit2.o(.ARM.Collect$$rtexit$$00000003) refers to libshutdown.o(.ARM.Collect$$libshutdown$$00000000) for __rt_lib_shutdown
    rtexit2.o(.ARM.Collect$$rtexit$$00000004) refers to sys_exit.o(.text) for _sys_exit
    rtexit2.o(.ARM.exidx) refers to rtexit2.o(.ARM.Collect$$rtexit$$00000001) for .ARM.Collect$$rtexit$$00000001
    rtexit2.o(.ARM.exidx) refers to rtexit2.o(.ARM.Collect$$rtexit$$00000003) for .ARM.Collect$$rtexit$$00000003
    rtexit2.o(.ARM.exidx) refers to rtexit2.o(.ARM.Collect$$rtexit$$00000004) for .ARM.Collect$$rtexit$$00000004
    sys_exit.o(.text) refers (Special) to use_no_semi.o(.text) for __I$use$semihosting
    sys_exit.o(.text) refers (Special) to indicate_semi.o(.text) for __semihosting_library_function
    sys_exit_hlt.o(.text) refers (Special) to use_no_semi.o(.text) for __I$use$semihosting
    sys_exit_hlt.o(.text) refers (Special) to indicate_semi.o(.text) for __semihosting_library_function
    _get_argv_nomalloc.o(.text) refers (Special) to hrguard.o(.text) for __heap_region$guard
    _get_argv_nomalloc.o(.text) refers to defsig_rtmem_outer.o(.text) for __rt_SIGRTMEM
    _get_argv_nomalloc.o(.text) refers to sys_command.o(.text) for _sys_command_string
    libshutdown.o(.ARM.Collect$$libshutdown$$00000000) refers (Special) to libshutdown2.o(.ARM.Collect$$libshutdown$$00000002) for __rt_lib_shutdown_cpp_1
    libshutdown.o(.ARM.Collect$$libshutdown$$00000000) refers (Special) to libshutdown2.o(.ARM.Collect$$libshutdown$$00000007) for __rt_lib_shutdown_fp_trap_1
    libshutdown.o(.ARM.Collect$$libshutdown$$00000000) refers (Special) to libshutdown2.o(.ARM.Collect$$libshutdown$$0000000F) for __rt_lib_shutdown_heap_1
    libshutdown.o(.ARM.Collect$$libshutdown$$00000000) refers (Special) to libshutdown2.o(.ARM.Collect$$libshutdown$$00000010) for __rt_lib_shutdown_return
    libshutdown.o(.ARM.Collect$$libshutdown$$00000000) refers (Special) to libshutdown2.o(.ARM.Collect$$libshutdown$$0000000A) for __rt_lib_shutdown_signal_1
    libshutdown.o(.ARM.Collect$$libshutdown$$00000000) refers (Special) to libshutdown2.o(.ARM.Collect$$libshutdown$$00000004) for __rt_lib_shutdown_stdio_1
    libshutdown.o(.ARM.Collect$$libshutdown$$00000000) refers (Special) to libshutdown2.o(.ARM.Collect$$libshutdown$$0000000C) for __rt_lib_shutdown_user_alloc_1
    sys_command.o(.text) refers (Special) to use_no_semi.o(.text) for __I$use$semihosting
    sys_command.o(.text) refers (Special) to indicate_semi.o(.text) for __semihosting_library_function
    sys_command_hlt.o(.text) refers (Special) to use_no_semi.o(.text) for __I$use$semihosting
    sys_command_hlt.o(.text) refers (Special) to indicate_semi.o(.text) for __semihosting_library_function
    defsig_rtmem_outer.o(.text) refers to defsig_rtmem_inner.o(.text) for __rt_SIGRTMEM_inner
    defsig_rtmem_outer.o(.text) refers to defsig_exit.o(.text) for __sig_exit
    defsig_rtmem_formal.o(.text) refers to rt_raise.o(.text) for __rt_raise
    rt_raise.o(.text) refers to __raise.o(.text) for __raise
    rt_raise.o(.text) refers to sys_exit.o(.text) for _sys_exit
    defsig_exit.o(.text) refers to sys_exit.o(.text) for _sys_exit
    defsig_rtmem_inner.o(.text) refers to defsig_general.o(.text) for __default_signal_display
    __raise.o(.text) refers to defsig.o(CL$$defsig) for __default_signal_handler
    defsig_general.o(.text) refers to sys_wrch.o(.text) for _ttywrch
    sys_wrch.o(.text) refers (Special) to use_no_semi.o(.text) for __I$use$semihosting
    sys_wrch.o(.text) refers (Special) to indicate_semi.o(.text) for __semihosting_library_function
    sys_wrch_hlt.o(.text) refers (Special) to use_no_semi.o(.text) for __I$use$semihosting
    sys_wrch_hlt.o(.text) refers (Special) to indicate_semi.o(.text) for __semihosting_library_function
    defsig.o(CL$$defsig) refers to defsig_rtmem_inner.o(.text) for __rt_SIGRTMEM_inner
    defsig_abrt_inner.o(.text) refers to defsig_general.o(.text) for __default_signal_display
    defsig_fpe_inner.o(.text) refers to defsig_general.o(.text) for __default_signal_display
    defsig_rtred_inner.o(.text) refers to defsig_general.o(.text) for __default_signal_display
    defsig_stak_inner.o(.text) refers to defsig_general.o(.text) for __default_signal_display
    defsig_pvfn_inner.o(.text) refers to defsig_general.o(.text) for __default_signal_display
    defsig_cppl_inner.o(.text) refers to defsig_general.o(.text) for __default_signal_display
    defsig_segv_inner.o(.text) refers to defsig_general.o(.text) for __default_signal_display
    defsig_other.o(.text) refers to defsig_general.o(.text) for __default_signal_display


==============================================================================

Removing Unused input sections from the image.

    Removing main.o(.text), (0 bytes).
    Removing main.o(.ARM.exidx.text.main), (8 bytes).
    Removing main.o(.ARM.use_no_argv), (4 bytes).
    Removing ti_msp_dl_config.o(.text), (0 bytes).
    Removing ti_msp_dl_config.o(.ARM.exidx.text.SYSCFG_DL_init), (8 bytes).
    Removing ti_msp_dl_config.o(.ARM.exidx.text.SYSCFG_DL_initPower), (8 bytes).
    Removing ti_msp_dl_config.o(.ARM.exidx.text.SYSCFG_DL_GPIO_init), (8 bytes).
    Removing ti_msp_dl_config.o(.ARM.exidx.text.SYSCFG_DL_SYSCTL_init), (8 bytes).
    Removing board.o(.text), (0 bytes).
    Removing board.o(.ARM.exidx.text.Board_Init), (8 bytes).
    Removing app_state_machine.o(.text), (0 bytes).
    Removing app_state_machine.o(.ARM.exidx.text.AppSM_Init), (8 bytes).
    Removing app_state_machine.o(.ARM.exidx.text.AppSM_Run), (8 bytes).
    Removing app_state_machine.o(.text.AppSM_GetState), (12 bytes).
    Removing app_state_machine.o(.ARM.exidx.text.AppSM_GetState), (8 bytes).
    Removing app_state_machine.o(.text.AppSM_SetState), (12 bytes).
    Removing app_state_machine.o(.ARM.exidx.text.AppSM_SetState), (8 bytes).
    Removing pid_ctrl.o(.text), (0 bytes).
    Removing pid_ctrl.o(.ARM.exidx.text.PID_Init), (8 bytes).
    Removing pid_ctrl.o(.ARM.exidx.text.PID_Update), (8 bytes).
    Removing pid_ctrl.o(.text.PID_Calc), (104 bytes).
    Removing pid_ctrl.o(.ARM.exidx.text.PID_Calc), (8 bytes).
    Removing msg_map.o(.text), (0 bytes).
    Removing msg_map.o(.ARM.exidx.text.MsgMap_Init), (8 bytes).
    Removing msg_map.o(.ARM.exidx.text.MsgMap_Get), (8 bytes).
    Removing msg_map.o(.text.MsgMap_Set), (12 bytes).
    Removing msg_map.o(.ARM.exidx.text.MsgMap_Set), (8 bytes).
    Removing msg_map.o(.ARM.exidx.text.MsgMap_Clear), (8 bytes).
    Removing sub_state_machine.o(.text), (0 bytes).
    Removing sub_state_machine.o(.ARM.exidx.text.SubSM_Init), (8 bytes).
    Removing sub_state_machine.o(.ARM.exidx.text.SubSM_Run), (8 bytes).
    Removing sub_state_machine.o(.text.SubSM_GetState), (12 bytes).
    Removing sub_state_machine.o(.ARM.exidx.text.SubSM_GetState), (8 bytes).
    Removing bsp_motor.o(.text), (0 bytes).
    Removing bsp_motor.o(.ARM.exidx.text.BspMotor_Init), (8 bytes).
    Removing bsp_motor.o(.ARM.exidx.text.BspMotor_Update), (8 bytes).
    Removing bsp_motor.o(.ARM.exidx.text.BspMotor_Stop), (8 bytes).
    Removing bsp_encoder.o(.text), (0 bytes).
    Removing bsp_encoder.o(.ARM.exidx.text.BspEncoder_Init), (8 bytes).
    Removing bsp_encoder.o(.ARM.exidx.text.BspEncoder_Update), (8 bytes).
    Removing bsp_encoder.o(.text.BspEncoder_GetLeftSpeed), (4 bytes).
    Removing bsp_encoder.o(.ARM.exidx.text.BspEncoder_GetLeftSpeed), (8 bytes).
    Removing bsp_encoder.o(.text.BspEncoder_GetRightSpeed), (4 bytes).
    Removing bsp_encoder.o(.ARM.exidx.text.BspEncoder_GetRightSpeed), (8 bytes).
    Removing bsp_oled.o(.text), (0 bytes).
    Removing bsp_oled.o(.ARM.exidx.text.BspOled_Init), (8 bytes).
    Removing bsp_oled.o(.text.BspOled_Task), (2 bytes).
    Removing bsp_oled.o(.ARM.exidx.text.BspOled_Task), (8 bytes).
    Removing bsp_key.o(.text), (0 bytes).
    Removing bsp_key.o(.text.BspKey_Init), (2 bytes).
    Removing bsp_key.o(.ARM.exidx.text.BspKey_Init), (8 bytes).
    Removing bsp_key.o(.text.BspKey_Task), (2 bytes).
    Removing bsp_key.o(.ARM.exidx.text.BspKey_Task), (8 bytes).
    Removing bsp_led.o(.text), (0 bytes).
    Removing bsp_led.o(.text._Led_Init), (14 bytes).
    Removing bsp_led.o(.ARM.exidx.text._Led_Init), (8 bytes).
    Removing bsp_led.o(.text._Led_On), (20 bytes).
    Removing bsp_led.o(.ARM.exidx.text._Led_On), (8 bytes).
    Removing bsp_led.o(.text._Led_Off), (24 bytes).
    Removing bsp_led.o(.ARM.exidx.text._Led_Off), (8 bytes).
    Removing bsp_led.o(.text._Led_Toggle), (42 bytes).
    Removing bsp_led.o(.ARM.exidx.text._Led_Toggle), (8 bytes).
    Removing bsp_led.o(.data.bspLedCon), (16 bytes).
    Removing bsp_led_instances.o(.text), (0 bytes).
    Removing bsp_led_instances.o(.data.ledRun), (12 bytes).
    Removing bsp_led_instances.o(.data.ledError), (12 bytes).
    Removing mpu_port.o(.text), (0 bytes).
    Removing mpu_port.o(.text.MpuPort_Init), (2 bytes).
    Removing mpu_port.o(.ARM.exidx.text.MpuPort_Init), (8 bytes).
    Removing mpu_port.o(.text.MpuPort_Task), (2 bytes).
    Removing mpu_port.o(.ARM.exidx.text.MpuPort_Task), (8 bytes).
    Removing dl_common.o(.text), (0 bytes).
    Removing dl_common.o(.ARM.exidx.text.DL_Common_delayCycles), (8 bytes).

73 unused section(s) (total 618 bytes) removed from the image.

==============================================================================

Image Symbol Table

    Local Symbols

    Symbol Name                              Value     Ov Type        Size  Object(Section)

    ../clib/angel/boardlib.s                 0x00000000   Number         0  boardinit1.o ABSOLUTE
    ../clib/angel/boardlib.s                 0x00000000   Number         0  boardinit2.o ABSOLUTE
    ../clib/angel/boardlib.s                 0x00000000   Number         0  boardinit3.o ABSOLUTE
    ../clib/angel/boardlib.s                 0x00000000   Number         0  boardshut.o ABSOLUTE
    ../clib/angel/handlers.s                 0x00000000   Number         0  __scatter_zi.o ABSOLUTE
    ../clib/angel/kernel.s                   0x00000000   Number         0  __rtentry.o ABSOLUTE
    ../clib/angel/kernel.s                   0x00000000   Number         0  __rtentry2.o ABSOLUTE
    ../clib/angel/kernel.s                   0x00000000   Number         0  __rtentry4.o ABSOLUTE
    ../clib/angel/kernel.s                   0x00000000   Number         0  rtexit.o ABSOLUTE
    ../clib/angel/kernel.s                   0x00000000   Number         0  rtexit2.o ABSOLUTE
    ../clib/angel/rt.s                       0x00000000   Number         0  rt_raise.o ABSOLUTE
    ../clib/angel/scatterp.s                 0x00000000   Number         0  __scatter.o ABSOLUTE
    ../clib/angel/startup.s                  0x00000000   Number         0  __main.o ABSOLUTE
    ../clib/angel/sys.s                      0x00000000   Number         0  sys_stackheap_outer.o ABSOLUTE
    ../clib/angel/sys.s                      0x00000000   Number         0  libspace.o ABSOLUTE
    ../clib/angel/sys.s                      0x00000000   Number         0  tempstk.o ABSOLUTE
    ../clib/angel/sys.s                      0x00000000   Number         0  use_no_semi.o ABSOLUTE
    ../clib/angel/sys.s                      0x00000000   Number         0  indicate_semi.o ABSOLUTE
    ../clib/angel/sysapp.c                   0x00000000   Number         0  sys_exit.o ABSOLUTE
    ../clib/angel/sysapp.c                   0x00000000   Number         0  sys_exit_hlt.o ABSOLUTE
    ../clib/angel/sysapp.c                   0x00000000   Number         0  sys_command.o ABSOLUTE
    ../clib/angel/sysapp.c                   0x00000000   Number         0  sys_command_hlt.o ABSOLUTE
    ../clib/angel/sysapp.c                   0x00000000   Number         0  sys_wrch.o ABSOLUTE
    ../clib/angel/sysapp.c                   0x00000000   Number         0  sys_wrch_hlt.o ABSOLUTE
    ../clib/armsys.c                         0x00000000   Number         0  argv_veneer.o ABSOLUTE
    ../clib/armsys.c                         0x00000000   Number         0  _get_argv_nomalloc.o ABSOLUTE
    ../clib/armsys.c                         0x00000000   Number         0  no_argv.o ABSOLUTE
    ../clib/heapalloc.c                      0x00000000   Number         0  hrguard.o ABSOLUTE
    ../clib/heapaux.c                        0x00000000   Number         0  heapauxi.o ABSOLUTE
    ../clib/libinit.s                        0x00000000   Number         0  libinit.o ABSOLUTE
    ../clib/libinit.s                        0x00000000   Number         0  libinit2.o ABSOLUTE
    ../clib/libinit.s                        0x00000000   Number         0  libshutdown.o ABSOLUTE
    ../clib/libinit.s                        0x00000000   Number         0  libshutdown2.o ABSOLUTE
    ../clib/signal.c                         0x00000000   Number         0  defsig_rtmem_outer.o ABSOLUTE
    ../clib/signal.c                         0x00000000   Number         0  defsig_rtmem_formal.o ABSOLUTE
    ../clib/signal.c                         0x00000000   Number         0  defsig_exit.o ABSOLUTE
    ../clib/signal.c                         0x00000000   Number         0  defsig_rtmem_inner.o ABSOLUTE
    ../clib/signal.c                         0x00000000   Number         0  __raise.o ABSOLUTE
    ../clib/signal.c                         0x00000000   Number         0  defsig_general.o ABSOLUTE
    ../clib/signal.c                         0x00000000   Number         0  defsig_abrt_inner.o ABSOLUTE
    ../clib/signal.c                         0x00000000   Number         0  defsig_fpe_inner.o ABSOLUTE
    ../clib/signal.c                         0x00000000   Number         0  defsig_rtred_inner.o ABSOLUTE
    ../clib/signal.c                         0x00000000   Number         0  defsig_stak_inner.o ABSOLUTE
    ../clib/signal.c                         0x00000000   Number         0  defsig_pvfn_inner.o ABSOLUTE
    ../clib/signal.c                         0x00000000   Number         0  defsig_cppl_inner.o ABSOLUTE
    ../clib/signal.c                         0x00000000   Number         0  defsig_segv_inner.o ABSOLUTE
    ../clib/signal.c                         0x00000000   Number         0  defsig_other.o ABSOLUTE
    ../clib/signal.s                         0x00000000   Number         0  defsig.o ABSOLUTE
    ../clib/stdlib.c                         0x00000000   Number         0  exit.o ABSOLUTE
    ../fplib/cfplib/fpinit.c                 0x00000000   Number         0  fpinit.o ABSOLUTE
    ../fplib/faddsub6m.s                     0x00000000   Number         0  faddsub.o ABSOLUTE
    ../fplib/fmul6m.s                        0x00000000   Number         0  fmul.o ABSOLUTE
    ../fplib/usenofp.s                       0x00000000   Number         0  usenofp.o ABSOLUTE
    app_state_machine.c                      0x00000000   Number         0  app_state_machine.o ABSOLUTE
    board.c                                  0x00000000   Number         0  board.o ABSOLUTE
    bsp_encoder.c                            0x00000000   Number         0  bsp_encoder.o ABSOLUTE
    bsp_key.c                                0x00000000   Number         0  bsp_key.o ABSOLUTE
    bsp_led.c                                0x00000000   Number         0  bsp_led.o ABSOLUTE
    bsp_led_instances.c                      0x00000000   Number         0  bsp_led_instances.o ABSOLUTE
    bsp_motor.c                              0x00000000   Number         0  bsp_motor.o ABSOLUTE
    bsp_oled.c                               0x00000000   Number         0  bsp_oled.o ABSOLUTE
    dc.s                                     0x00000000   Number         0  dc.o ABSOLUTE
    dl_common.c                              0x00000000   Number         0  dl_common.o ABSOLUTE
    main.c                                   0x00000000   Number         0  main.o ABSOLUTE
    mpu_port.c                               0x00000000   Number         0  mpu_port.o ABSOLUTE
    msg_map.c                                0x00000000   Number         0  msg_map.o ABSOLUTE
    pid_ctrl.c                               0x00000000   Number         0  pid_ctrl.o ABSOLUTE
    startup_mspm0g350x_uvision.s             0x00000000   Number         0  startup_mspm0g350x_uvision.o ABSOLUTE
    sub_state_machine.c                      0x00000000   Number         0  sub_state_machine.o ABSOLUTE
    ti_msp_dl_config.c                       0x00000000   Number         0  ti_msp_dl_config.o ABSOLUTE
    RESET                                    0x00000000   Section      192  startup_mspm0g350x_uvision.o(RESET)
    !!!main                                  0x000000c0   Section        8  __main.o(!!!main)
    !!!scatter                               0x000000c8   Section       60  __scatter.o(!!!scatter)
    !!handler_zi                             0x00000108   Section       28  __scatter_zi.o(!!handler_zi)
    .ARM.Collect$$libinit$$00000000          0x00000124   Section        2  libinit.o(.ARM.Collect$$libinit$$00000000)
    .ARM.Collect$$libinit$$00000002          0x00000126   Section        0  libinit2.o(.ARM.Collect$$libinit$$00000002)
    .ARM.Collect$$libinit$$00000004          0x00000126   Section        0  libinit2.o(.ARM.Collect$$libinit$$00000004)
    .ARM.Collect$$libinit$$0000000A          0x00000126   Section        0  libinit2.o(.ARM.Collect$$libinit$$0000000A)
    .ARM.Collect$$libinit$$0000000C          0x00000126   Section        0  libinit2.o(.ARM.Collect$$libinit$$0000000C)
    .ARM.Collect$$libinit$$0000000E          0x00000126   Section        0  libinit2.o(.ARM.Collect$$libinit$$0000000E)
    .ARM.Collect$$libinit$$00000011          0x00000126   Section        0  libinit2.o(.ARM.Collect$$libinit$$00000011)
    .ARM.Collect$$libinit$$00000013          0x00000126   Section        0  libinit2.o(.ARM.Collect$$libinit$$00000013)
    .ARM.Collect$$libinit$$00000015          0x00000126   Section        0  libinit2.o(.ARM.Collect$$libinit$$00000015)
    .ARM.Collect$$libinit$$00000017          0x00000126   Section        0  libinit2.o(.ARM.Collect$$libinit$$00000017)
    .ARM.Collect$$libinit$$00000019          0x00000126   Section        0  libinit2.o(.ARM.Collect$$libinit$$00000019)
    .ARM.Collect$$libinit$$0000001B          0x00000126   Section        0  libinit2.o(.ARM.Collect$$libinit$$0000001B)
    .ARM.Collect$$libinit$$0000001D          0x00000126   Section        0  libinit2.o(.ARM.Collect$$libinit$$0000001D)
    .ARM.Collect$$libinit$$0000001F          0x00000126   Section        0  libinit2.o(.ARM.Collect$$libinit$$0000001F)
    .ARM.Collect$$libinit$$00000021          0x00000126   Section        0  libinit2.o(.ARM.Collect$$libinit$$00000021)
    .ARM.Collect$$libinit$$00000023          0x00000126   Section        0  libinit2.o(.ARM.Collect$$libinit$$00000023)
    .ARM.Collect$$libinit$$00000025          0x00000126   Section        0  libinit2.o(.ARM.Collect$$libinit$$00000025)
    .ARM.Collect$$libinit$$0000002C          0x00000126   Section        0  libinit2.o(.ARM.Collect$$libinit$$0000002C)
    .ARM.Collect$$libinit$$0000002E          0x00000126   Section        0  libinit2.o(.ARM.Collect$$libinit$$0000002E)
    .ARM.Collect$$libinit$$00000030          0x00000126   Section        0  libinit2.o(.ARM.Collect$$libinit$$00000030)
    .ARM.Collect$$libinit$$00000032          0x00000126   Section        0  libinit2.o(.ARM.Collect$$libinit$$00000032)
    .ARM.Collect$$libinit$$00000033          0x00000126   Section        2  libinit2.o(.ARM.Collect$$libinit$$00000033)
    .ARM.Collect$$libshutdown$$00000000      0x00000128   Section        2  libshutdown.o(.ARM.Collect$$libshutdown$$00000000)
    .ARM.Collect$$libshutdown$$00000002      0x0000012a   Section        0  libshutdown2.o(.ARM.Collect$$libshutdown$$00000002)
    .ARM.Collect$$libshutdown$$00000004      0x0000012a   Section        0  libshutdown2.o(.ARM.Collect$$libshutdown$$00000004)
    .ARM.Collect$$libshutdown$$00000007      0x0000012a   Section        0  libshutdown2.o(.ARM.Collect$$libshutdown$$00000007)
    .ARM.Collect$$libshutdown$$0000000A      0x0000012a   Section        0  libshutdown2.o(.ARM.Collect$$libshutdown$$0000000A)
    .ARM.Collect$$libshutdown$$0000000C      0x0000012a   Section        0  libshutdown2.o(.ARM.Collect$$libshutdown$$0000000C)
    .ARM.Collect$$libshutdown$$0000000F      0x0000012a   Section        0  libshutdown2.o(.ARM.Collect$$libshutdown$$0000000F)
    .ARM.Collect$$libshutdown$$00000010      0x0000012a   Section        2  libshutdown2.o(.ARM.Collect$$libshutdown$$00000010)
    .ARM.Collect$$rtentry$$00000000          0x0000012c   Section        0  __rtentry.o(.ARM.Collect$$rtentry$$00000000)
    .ARM.Collect$$rtentry$$00000002          0x0000012c   Section        0  __rtentry2.o(.ARM.Collect$$rtentry$$00000002)
    .ARM.Collect$$rtentry$$00000004          0x0000012c   Section        6  __rtentry4.o(.ARM.Collect$$rtentry$$00000004)
    .ARM.Collect$$rtentry$$00000009          0x00000132   Section        0  __rtentry2.o(.ARM.Collect$$rtentry$$00000009)
    .ARM.Collect$$rtentry$$0000000A          0x00000132   Section        4  __rtentry2.o(.ARM.Collect$$rtentry$$0000000A)
    .ARM.Collect$$rtentry$$0000000C          0x00000136   Section        0  __rtentry2.o(.ARM.Collect$$rtentry$$0000000C)
    .ARM.Collect$$rtentry$$0000000D          0x00000136   Section        8  __rtentry2.o(.ARM.Collect$$rtentry$$0000000D)
    .ARM.Collect$$rtexit$$00000000           0x0000013e   Section        2  rtexit.o(.ARM.Collect$$rtexit$$00000000)
    .ARM.Collect$$rtexit$$00000002           0x00000140   Section        0  rtexit2.o(.ARM.Collect$$rtexit$$00000002)
    .ARM.Collect$$rtexit$$00000003           0x00000140   Section        4  rtexit2.o(.ARM.Collect$$rtexit$$00000003)
    .ARM.Collect$$rtexit$$00000004           0x00000144   Section        6  rtexit2.o(.ARM.Collect$$rtexit$$00000004)
    .text                                    0x0000014c   Section       44  startup_mspm0g350x_uvision.o(.text)
    .text                                    0x00000178   Section        0  heapauxi.o(.text)
    .text                                    0x0000017e   Section       62  sys_stackheap_outer.o(.text)
    .text                                    0x000001bc   Section        0  exit.o(.text)
    .text                                    0x000001cc   Section        8  libspace.o(.text)
    .text                                    0x000001d4   Section        0  sys_exit.o(.text)
    .text                                    0x000001e0   Section        2  use_no_semi.o(.text)
    .text                                    0x000001e2   Section        0  indicate_semi.o(.text)
    [Anonymous Symbol]                       0x000001e4   Section        0  app_state_machine.o(.text.AppSM_Init)
    [Anonymous Symbol]                       0x00000200   Section        0  app_state_machine.o(.text.AppSM_Run)
    __arm_cp.1_0                             0x00000274   Number         4  app_state_machine.o(.text.AppSM_Run)
    [Anonymous Symbol]                       0x00000278   Section        0  board.o(.text.Board_Init)
    [Anonymous Symbol]                       0x00000280   Section        0  bsp_encoder.o(.text.BspEncoder_Init)
    [Anonymous Symbol]                       0x00000282   Section        0  bsp_encoder.o(.text.BspEncoder_Update)
    [Anonymous Symbol]                       0x00000284   Section        0  bsp_motor.o(.text.BspMotor_Init)
    [Anonymous Symbol]                       0x00000286   Section        0  bsp_motor.o(.text.BspMotor_Stop)
    [Anonymous Symbol]                       0x00000288   Section        0  bsp_motor.o(.text.BspMotor_Update)
    [Anonymous Symbol]                       0x0000028a   Section        0  bsp_oled.o(.text.BspOled_Init)
    [Anonymous Symbol]                       0x0000028c   Section        0  dl_common.o(.text.DL_Common_delayCycles)
    [Anonymous Symbol]                       0x00000298   Section        0  msg_map.o(.text.MsgMap_Clear)
    [Anonymous Symbol]                       0x000002a0   Section        0  msg_map.o(.text.MsgMap_Get)
    [Anonymous Symbol]                       0x000002a8   Section        0  msg_map.o(.text.MsgMap_Init)
    __arm_cp.0_0                             0x000002b0   Number         4  msg_map.o(.text.MsgMap_Init)
    [Anonymous Symbol]                       0x000002b4   Section        0  pid_ctrl.o(.text.PID_Init)
    [Anonymous Symbol]                       0x000002b6   Section        0  pid_ctrl.o(.text.PID_Update)
    [Anonymous Symbol]                       0x000002b8   Section        0  ti_msp_dl_config.o(.text.SYSCFG_DL_GPIO_init)
    [Anonymous Symbol]                       0x000002bc   Section        0  ti_msp_dl_config.o(.text.SYSCFG_DL_SYSCTL_init)
    __arm_cp.3_0                             0x000002f4   Number         4  ti_msp_dl_config.o(.text.SYSCFG_DL_SYSCTL_init)
    __arm_cp.3_1                             0x000002f8   Number         4  ti_msp_dl_config.o(.text.SYSCFG_DL_SYSCTL_init)
    [Anonymous Symbol]                       0x000002fc   Section        0  ti_msp_dl_config.o(.text.SYSCFG_DL_init)
    [Anonymous Symbol]                       0x0000030c   Section        0  ti_msp_dl_config.o(.text.SYSCFG_DL_initPower)
    __arm_cp.1_0                             0x00000328   Number         4  ti_msp_dl_config.o(.text.SYSCFG_DL_initPower)
    __arm_cp.1_1                             0x0000032c   Number         4  ti_msp_dl_config.o(.text.SYSCFG_DL_initPower)
    __arm_cp.1_2                             0x00000330   Number         4  ti_msp_dl_config.o(.text.SYSCFG_DL_initPower)
    __arm_cp.1_3                             0x00000334   Number         4  ti_msp_dl_config.o(.text.SYSCFG_DL_initPower)
    [Anonymous Symbol]                       0x00000338   Section        0  sub_state_machine.o(.text.SubSM_Init)
    [Anonymous Symbol]                       0x00000340   Section        0  sub_state_machine.o(.text.SubSM_Run)
    __arm_cp.1_0                             0x00000374   Number         4  sub_state_machine.o(.text.SubSM_Run)
    [Anonymous Symbol]                       0x00000378   Section        0  main.o(.text.main)
    .bss                                     0x20200000   Section       96  libspace.o(.bss)
    s_msg                                    0x20200060   Data           1  msg_map.o(.bss.s_msg)
    [Anonymous Symbol]                       0x20200060   Section        0  msg_map.o(.bss.s_msg)
    s_state                                  0x20200061   Data           1  app_state_machine.o(.bss.s_state)
    [Anonymous Symbol]                       0x20200061   Section        0  app_state_machine.o(.bss.s_state)
    s_state                                  0x20200062   Data           1  sub_state_machine.o(.bss.s_state)
    [Anonymous Symbol]                       0x20200062   Section        0  sub_state_machine.o(.bss.s_state)
    Heap_Mem                                 0x20200068   Data           0  startup_mspm0g350x_uvision.o(HEAP)
    Stack_Mem                                0x20200068   Data         256  startup_mspm0g350x_uvision.o(STACK)
    HEAP                                     0x20200068   Section        0  startup_mspm0g350x_uvision.o(HEAP)
    STACK                                    0x20200068   Section      256  startup_mspm0g350x_uvision.o(STACK)
    __initial_sp                             0x20200168   Data           0  startup_mspm0g350x_uvision.o(STACK)

    Global Symbols

    Symbol Name                              Value     Ov Type        Size  Object(Section)

    BuildAttributes$$THM_ISAv3M$S$PE$A:L22$X:L11$S22$IEEE1$IW$~IW$USESV6$~STKCKD$USESV7$~SHL$OTIME$ROPI$EBA8$UX$STANDARDLIB$REQ8$PRES8$EABIv2 0x00000000   Number         0  anon$$obj.o ABSOLUTE
    __Vectors                                0x00000000   Data           4  startup_mspm0g350x_uvision.o(RESET)
    __ARM_exceptions_init                     - Undefined Weak Reference
    __alloca_initialize                       - Undefined Weak Reference
    __arm_preinit_                            - Undefined Weak Reference
    __cpp_initialize__aeabi_                  - Undefined Weak Reference
    __cxa_finalize                            - Undefined Weak Reference
    __rt_locale                               - Undefined Weak Reference
    __sigvec_lookup                           - Undefined Weak Reference
    _atexit_init                              - Undefined Weak Reference
    _call_atexit_fns                          - Undefined Weak Reference
    _clock_init                               - Undefined Weak Reference
    _fp_trap_init                             - Undefined Weak Reference
    _fp_trap_shutdown                         - Undefined Weak Reference
    _get_lc_collate                           - Undefined Weak Reference
    _get_lc_ctype                             - Undefined Weak Reference
    _get_lc_monetary                          - Undefined Weak Reference
    _get_lc_numeric                           - Undefined Weak Reference
    _get_lc_time                              - Undefined Weak Reference
    _getenv_init                              - Undefined Weak Reference
    _handle_redirection                       - Undefined Weak Reference
    _init_alloc                               - Undefined Weak Reference
    _init_user_alloc                          - Undefined Weak Reference
    _initio                                   - Undefined Weak Reference
    _rand_init                                - Undefined Weak Reference
    _signal_finish                            - Undefined Weak Reference
    _signal_init                              - Undefined Weak Reference
    _terminate_alloc                          - Undefined Weak Reference
    _terminate_user_alloc                     - Undefined Weak Reference
    _terminateio                              - Undefined Weak Reference
    __Vectors_End                            0x000000c0   Data           0  startup_mspm0g350x_uvision.o(RESET)
    __Vectors_Size                           0x000000c0   Number         0  startup_mspm0g350x_uvision.o ABSOLUTE
    __main                                   0x000000c1   Thumb Code     8  __main.o(!!!main)
    __scatterload                            0x000000c9   Thumb Code     0  __scatter.o(!!!scatter)
    __scatterload_rt2                        0x000000c9   Thumb Code    52  __scatter.o(!!!scatter)
    __scatterload_rt2_thumb_only             0x000000c9   Thumb Code     0  __scatter.o(!!!scatter)
    __scatterload_null                       0x000000d9   Thumb Code     0  __scatter.o(!!!scatter)
    __scatterload_zeroinit                   0x00000109   Thumb Code    28  __scatter_zi.o(!!handler_zi)
    __rt_lib_init                            0x00000125   Thumb Code     0  libinit.o(.ARM.Collect$$libinit$$00000000)
    __rt_lib_init_alloca_1                   0x00000127   Thumb Code     0  libinit2.o(.ARM.Collect$$libinit$$0000002E)
    __rt_lib_init_argv_1                     0x00000127   Thumb Code     0  libinit2.o(.ARM.Collect$$libinit$$0000002C)
    __rt_lib_init_atexit_1                   0x00000127   Thumb Code     0  libinit2.o(.ARM.Collect$$libinit$$0000001B)
    __rt_lib_init_clock_1                    0x00000127   Thumb Code     0  libinit2.o(.ARM.Collect$$libinit$$00000021)
    __rt_lib_init_cpp_1                      0x00000127   Thumb Code     0  libinit2.o(.ARM.Collect$$libinit$$00000032)
    __rt_lib_init_exceptions_1               0x00000127   Thumb Code     0  libinit2.o(.ARM.Collect$$libinit$$00000030)
    __rt_lib_init_fp_1                       0x00000127   Thumb Code     0  libinit2.o(.ARM.Collect$$libinit$$00000002)
    __rt_lib_init_fp_trap_1                  0x00000127   Thumb Code     0  libinit2.o(.ARM.Collect$$libinit$$0000001F)
    __rt_lib_init_getenv_1                   0x00000127   Thumb Code     0  libinit2.o(.ARM.Collect$$libinit$$00000023)
    __rt_lib_init_heap_1                     0x00000127   Thumb Code     0  libinit2.o(.ARM.Collect$$libinit$$0000000A)
    __rt_lib_init_lc_collate_1               0x00000127   Thumb Code     0  libinit2.o(.ARM.Collect$$libinit$$00000011)
    __rt_lib_init_lc_ctype_1                 0x00000127   Thumb Code     0  libinit2.o(.ARM.Collect$$libinit$$00000013)
    __rt_lib_init_lc_monetary_1              0x00000127   Thumb Code     0  libinit2.o(.ARM.Collect$$libinit$$00000015)
    __rt_lib_init_lc_numeric_1               0x00000127   Thumb Code     0  libinit2.o(.ARM.Collect$$libinit$$00000017)
    __rt_lib_init_lc_time_1                  0x00000127   Thumb Code     0  libinit2.o(.ARM.Collect$$libinit$$00000019)
    __rt_lib_init_preinit_1                  0x00000127   Thumb Code     0  libinit2.o(.ARM.Collect$$libinit$$00000004)
    __rt_lib_init_rand_1                     0x00000127   Thumb Code     0  libinit2.o(.ARM.Collect$$libinit$$0000000E)
    __rt_lib_init_return                     0x00000127   Thumb Code     0  libinit2.o(.ARM.Collect$$libinit$$00000033)
    __rt_lib_init_signal_1                   0x00000127   Thumb Code     0  libinit2.o(.ARM.Collect$$libinit$$0000001D)
    __rt_lib_init_stdio_1                    0x00000127   Thumb Code     0  libinit2.o(.ARM.Collect$$libinit$$00000025)
    __rt_lib_init_user_alloc_1               0x00000127   Thumb Code     0  libinit2.o(.ARM.Collect$$libinit$$0000000C)
    __rt_lib_shutdown                        0x00000129   Thumb Code     0  libshutdown.o(.ARM.Collect$$libshutdown$$00000000)
    __rt_lib_shutdown_cpp_1                  0x0000012b   Thumb Code     0  libshutdown2.o(.ARM.Collect$$libshutdown$$00000002)
    __rt_lib_shutdown_fp_trap_1              0x0000012b   Thumb Code     0  libshutdown2.o(.ARM.Collect$$libshutdown$$00000007)
    __rt_lib_shutdown_heap_1                 0x0000012b   Thumb Code     0  libshutdown2.o(.ARM.Collect$$libshutdown$$0000000F)
    __rt_lib_shutdown_return                 0x0000012b   Thumb Code     0  libshutdown2.o(.ARM.Collect$$libshutdown$$00000010)
    __rt_lib_shutdown_signal_1               0x0000012b   Thumb Code     0  libshutdown2.o(.ARM.Collect$$libshutdown$$0000000A)
    __rt_lib_shutdown_stdio_1                0x0000012b   Thumb Code     0  libshutdown2.o(.ARM.Collect$$libshutdown$$00000004)
    __rt_lib_shutdown_user_alloc_1           0x0000012b   Thumb Code     0  libshutdown2.o(.ARM.Collect$$libshutdown$$0000000C)
    __rt_entry                               0x0000012d   Thumb Code     0  __rtentry.o(.ARM.Collect$$rtentry$$00000000)
    __rt_entry_presh_1                       0x0000012d   Thumb Code     0  __rtentry2.o(.ARM.Collect$$rtentry$$00000002)
    __rt_entry_sh                            0x0000012d   Thumb Code     0  __rtentry4.o(.ARM.Collect$$rtentry$$00000004)
    __rt_entry_li                            0x00000133   Thumb Code     0  __rtentry2.o(.ARM.Collect$$rtentry$$0000000A)
    __rt_entry_postsh_1                      0x00000133   Thumb Code     0  __rtentry2.o(.ARM.Collect$$rtentry$$00000009)
    __rt_entry_main                          0x00000137   Thumb Code     0  __rtentry2.o(.ARM.Collect$$rtentry$$0000000D)
    __rt_entry_postli_1                      0x00000137   Thumb Code     0  __rtentry2.o(.ARM.Collect$$rtentry$$0000000C)
    __rt_exit                                0x0000013f   Thumb Code     0  rtexit.o(.ARM.Collect$$rtexit$$00000000)
    __rt_exit_ls                             0x00000141   Thumb Code     0  rtexit2.o(.ARM.Collect$$rtexit$$00000003)
    __rt_exit_prels_1                        0x00000141   Thumb Code     0  rtexit2.o(.ARM.Collect$$rtexit$$00000002)
    __rt_exit_exit                           0x00000145   Thumb Code     0  rtexit2.o(.ARM.Collect$$rtexit$$00000004)
    Reset_Handler                            0x0000014d   Thumb Code     4  startup_mspm0g350x_uvision.o(.text)
    NMI_Handler                              0x00000151   Thumb Code     2  startup_mspm0g350x_uvision.o(.text)
    HardFault_Handler                        0x00000153   Thumb Code     2  startup_mspm0g350x_uvision.o(.text)
    SVC_Handler                              0x00000155   Thumb Code     2  startup_mspm0g350x_uvision.o(.text)
    PendSV_Handler                           0x00000157   Thumb Code     2  startup_mspm0g350x_uvision.o(.text)
    SysTick_Handler                          0x00000159   Thumb Code     2  startup_mspm0g350x_uvision.o(.text)
    ADC0_IRQHandler                          0x0000015b   Thumb Code     0  startup_mspm0g350x_uvision.o(.text)
    ADC1_IRQHandler                          0x0000015b   Thumb Code     0  startup_mspm0g350x_uvision.o(.text)
    AES_IRQHandler                           0x0000015b   Thumb Code     0  startup_mspm0g350x_uvision.o(.text)
    CANFD0_IRQHandler                        0x0000015b   Thumb Code     0  startup_mspm0g350x_uvision.o(.text)
    DAC0_IRQHandler                          0x0000015b   Thumb Code     0  startup_mspm0g350x_uvision.o(.text)
    DMA_IRQHandler                           0x0000015b   Thumb Code     0  startup_mspm0g350x_uvision.o(.text)
    Default_Handler                          0x0000015b   Thumb Code     2  startup_mspm0g350x_uvision.o(.text)
    GROUP0_IRQHandler                        0x0000015b   Thumb Code     0  startup_mspm0g350x_uvision.o(.text)
    GROUP1_IRQHandler                        0x0000015b   Thumb Code     0  startup_mspm0g350x_uvision.o(.text)
    I2C0_IRQHandler                          0x0000015b   Thumb Code     0  startup_mspm0g350x_uvision.o(.text)
    I2C1_IRQHandler                          0x0000015b   Thumb Code     0  startup_mspm0g350x_uvision.o(.text)
    RTC_IRQHandler                           0x0000015b   Thumb Code     0  startup_mspm0g350x_uvision.o(.text)
    SPI0_IRQHandler                          0x0000015b   Thumb Code     0  startup_mspm0g350x_uvision.o(.text)
    SPI1_IRQHandler                          0x0000015b   Thumb Code     0  startup_mspm0g350x_uvision.o(.text)
    TIMA0_IRQHandler                         0x0000015b   Thumb Code     0  startup_mspm0g350x_uvision.o(.text)
    TIMA1_IRQHandler                         0x0000015b   Thumb Code     0  startup_mspm0g350x_uvision.o(.text)
    TIMG0_IRQHandler                         0x0000015b   Thumb Code     0  startup_mspm0g350x_uvision.o(.text)
    TIMG12_IRQHandler                        0x0000015b   Thumb Code     0  startup_mspm0g350x_uvision.o(.text)
    TIMG6_IRQHandler                         0x0000015b   Thumb Code     0  startup_mspm0g350x_uvision.o(.text)
    TIMG7_IRQHandler                         0x0000015b   Thumb Code     0  startup_mspm0g350x_uvision.o(.text)
    TIMG8_IRQHandler                         0x0000015b   Thumb Code     0  startup_mspm0g350x_uvision.o(.text)
    UART0_IRQHandler                         0x0000015b   Thumb Code     0  startup_mspm0g350x_uvision.o(.text)
    UART1_IRQHandler                         0x0000015b   Thumb Code     0  startup_mspm0g350x_uvision.o(.text)
    UART2_IRQHandler                         0x0000015b   Thumb Code     0  startup_mspm0g350x_uvision.o(.text)
    UART3_IRQHandler                         0x0000015b   Thumb Code     0  startup_mspm0g350x_uvision.o(.text)
    __user_initial_stackheap                 0x0000015d   Thumb Code    10  startup_mspm0g350x_uvision.o(.text)
    __use_two_region_memory                  0x00000179   Thumb Code     2  heapauxi.o(.text)
    __rt_heap_escrow$2region                 0x0000017b   Thumb Code     2  heapauxi.o(.text)
    __rt_heap_expand$2region                 0x0000017d   Thumb Code     2  heapauxi.o(.text)
    __user_setup_stackheap                   0x0000017f   Thumb Code    62  sys_stackheap_outer.o(.text)
    exit                                     0x000001bd   Thumb Code    16  exit.o(.text)
    __user_libspace                          0x000001cd   Thumb Code     8  libspace.o(.text)
    __user_perproc_libspace                  0x000001cd   Thumb Code     0  libspace.o(.text)
    __user_perthread_libspace                0x000001cd   Thumb Code     0  libspace.o(.text)
    _sys_exit                                0x000001d5   Thumb Code     8  sys_exit.o(.text)
    __I$use$semihosting                      0x000001e1   Thumb Code     0  use_no_semi.o(.text)
    __use_no_semihosting_swi                 0x000001e1   Thumb Code     2  use_no_semi.o(.text)
    __semihosting_library_function           0x000001e3   Thumb Code     0  indicate_semi.o(.text)
    AppSM_Init                               0x000001e5   Thumb Code    28  app_state_machine.o(.text.AppSM_Init)
    AppSM_Run                                0x00000201   Thumb Code   116  app_state_machine.o(.text.AppSM_Run)
    Board_Init                               0x00000279   Thumb Code     8  board.o(.text.Board_Init)
    BspEncoder_Init                          0x00000281   Thumb Code     2  bsp_encoder.o(.text.BspEncoder_Init)
    BspEncoder_Update                        0x00000283   Thumb Code     2  bsp_encoder.o(.text.BspEncoder_Update)
    BspMotor_Init                            0x00000285   Thumb Code     2  bsp_motor.o(.text.BspMotor_Init)
    BspMotor_Stop                            0x00000287   Thumb Code     2  bsp_motor.o(.text.BspMotor_Stop)
    BspMotor_Update                          0x00000289   Thumb Code     2  bsp_motor.o(.text.BspMotor_Update)
    BspOled_Init                             0x0000028b   Thumb Code     2  bsp_oled.o(.text.BspOled_Init)
    DL_Common_delayCycles                    0x0000028d   Thumb Code    10  dl_common.o(.text.DL_Common_delayCycles)
    MsgMap_Clear                             0x00000299   Thumb Code     8  msg_map.o(.text.MsgMap_Clear)
    MsgMap_Get                               0x000002a1   Thumb Code     8  msg_map.o(.text.MsgMap_Get)
    MsgMap_Init                              0x000002a9   Thumb Code     8  msg_map.o(.text.MsgMap_Init)
    PID_Init                                 0x000002b5   Thumb Code     2  pid_ctrl.o(.text.PID_Init)
    PID_Update                               0x000002b7   Thumb Code     2  pid_ctrl.o(.text.PID_Update)
    SYSCFG_DL_GPIO_init                      0x000002b9   Thumb Code     2  ti_msp_dl_config.o(.text.SYSCFG_DL_GPIO_init)
    SYSCFG_DL_SYSCTL_init                    0x000002bd   Thumb Code    56  ti_msp_dl_config.o(.text.SYSCFG_DL_SYSCTL_init)
    SYSCFG_DL_init                           0x000002fd   Thumb Code    16  ti_msp_dl_config.o(.text.SYSCFG_DL_init)
    SYSCFG_DL_initPower                      0x0000030d   Thumb Code    28  ti_msp_dl_config.o(.text.SYSCFG_DL_initPower)
    SubSM_Init                               0x00000339   Thumb Code     8  sub_state_machine.o(.text.SubSM_Init)
    SubSM_Run                                0x00000341   Thumb Code    52  sub_state_machine.o(.text.SubSM_Run)
    main                                     0x00000379   Thumb Code    38  main.o(.text.main)
    Region$$Table$$Base                      0x000003a0   Number         0  anon$$obj.o(Region$$Table)
    Region$$Table$$Limit                     0x000003b0   Number         0  anon$$obj.o(Region$$Table)
    __libspace_start                         0x20200000   Data          96  libspace.o(.bss)
    __temporary_stack_top$libspace           0x20200060   Data           0  libspace.o(.bss)



==============================================================================

Memory Map of the image

  Image Entry point : 0x000000c1

  Load Region LR_IROM1 (Base: 0x00000000, Size: 0x000003b0, Max: 0x00020000, ABSOLUTE)

    Execution Region ER_IROM1 (Exec base: 0x00000000, Load base: 0x00000000, Size: 0x000003b0, Max: 0x00020000, ABSOLUTE)

    Exec Addr    Load Addr    Size         Type   Attr      Idx    E Section Name        Object

    0x00000000   0x00000000   0x000000c0   Data   RO           12    RESET               startup_mspm0g350x_uvision.o
    0x000000c0   0x000000c0   0x00000008   Code   RO          203  * !!!main             c_p.l(__main.o)
    0x000000c8   0x000000c8   0x0000003c   Code   RO          377    !!!scatter          c_p.l(__scatter.o)
    0x00000104   0x00000104   0x00000004   PAD
    0x00000108   0x00000108   0x0000001c   Code   RO          379    !!handler_zi        c_p.l(__scatter_zi.o)
    0x00000124   0x00000124   0x00000002   Code   RO          240    .ARM.Collect$$libinit$$00000000  c_p.l(libinit.o)
    0x00000126   0x00000126   0x00000000   Code   RO          248    .ARM.Collect$$libinit$$00000002  c_p.l(libinit2.o)
    0x00000126   0x00000126   0x00000000   Code   RO          250    .ARM.Collect$$libinit$$00000004  c_p.l(libinit2.o)
    0x00000126   0x00000126   0x00000000   Code   RO          253    .ARM.Collect$$libinit$$0000000A  c_p.l(libinit2.o)
    0x00000126   0x00000126   0x00000000   Code   RO          255    .ARM.Collect$$libinit$$0000000C  c_p.l(libinit2.o)
    0x00000126   0x00000126   0x00000000   Code   RO          257    .ARM.Collect$$libinit$$0000000E  c_p.l(libinit2.o)
    0x00000126   0x00000126   0x00000000   Code   RO          260    .ARM.Collect$$libinit$$00000011  c_p.l(libinit2.o)
    0x00000126   0x00000126   0x00000000   Code   RO          262    .ARM.Collect$$libinit$$00000013  c_p.l(libinit2.o)
    0x00000126   0x00000126   0x00000000   Code   RO          264    .ARM.Collect$$libinit$$00000015  c_p.l(libinit2.o)
    0x00000126   0x00000126   0x00000000   Code   RO          266    .ARM.Collect$$libinit$$00000017  c_p.l(libinit2.o)
    0x00000126   0x00000126   0x00000000   Code   RO          268    .ARM.Collect$$libinit$$00000019  c_p.l(libinit2.o)
    0x00000126   0x00000126   0x00000000   Code   RO          270    .ARM.Collect$$libinit$$0000001B  c_p.l(libinit2.o)
    0x00000126   0x00000126   0x00000000   Code   RO          272    .ARM.Collect$$libinit$$0000001D  c_p.l(libinit2.o)
    0x00000126   0x00000126   0x00000000   Code   RO          274    .ARM.Collect$$libinit$$0000001F  c_p.l(libinit2.o)
    0x00000126   0x00000126   0x00000000   Code   RO          276    .ARM.Collect$$libinit$$00000021  c_p.l(libinit2.o)
    0x00000126   0x00000126   0x00000000   Code   RO          278    .ARM.Collect$$libinit$$00000023  c_p.l(libinit2.o)
    0x00000126   0x00000126   0x00000000   Code   RO          280    .ARM.Collect$$libinit$$00000025  c_p.l(libinit2.o)
    0x00000126   0x00000126   0x00000000   Code   RO          284    .ARM.Collect$$libinit$$0000002C  c_p.l(libinit2.o)
    0x00000126   0x00000126   0x00000000   Code   RO          286    .ARM.Collect$$libinit$$0000002E  c_p.l(libinit2.o)
    0x00000126   0x00000126   0x00000000   Code   RO          288    .ARM.Collect$$libinit$$00000030  c_p.l(libinit2.o)
    0x00000126   0x00000126   0x00000000   Code   RO          290    .ARM.Collect$$libinit$$00000032  c_p.l(libinit2.o)
    0x00000126   0x00000126   0x00000002   Code   RO          291    .ARM.Collect$$libinit$$00000033  c_p.l(libinit2.o)
    0x00000128   0x00000128   0x00000002   Code   RO          313    .ARM.Collect$$libshutdown$$00000000  c_p.l(libshutdown.o)
    0x0000012a   0x0000012a   0x00000000   Code   RO          328    .ARM.Collect$$libshutdown$$00000002  c_p.l(libshutdown2.o)
    0x0000012a   0x0000012a   0x00000000   Code   RO          330    .ARM.Collect$$libshutdown$$00000004  c_p.l(libshutdown2.o)
    0x0000012a   0x0000012a   0x00000000   Code   RO          333    .ARM.Collect$$libshutdown$$00000007  c_p.l(libshutdown2.o)
    0x0000012a   0x0000012a   0x00000000   Code   RO          336    .ARM.Collect$$libshutdown$$0000000A  c_p.l(libshutdown2.o)
    0x0000012a   0x0000012a   0x00000000   Code   RO          338    .ARM.Collect$$libshutdown$$0000000C  c_p.l(libshutdown2.o)
    0x0000012a   0x0000012a   0x00000000   Code   RO          341    .ARM.Collect$$libshutdown$$0000000F  c_p.l(libshutdown2.o)
    0x0000012a   0x0000012a   0x00000002   Code   RO          342    .ARM.Collect$$libshutdown$$00000010  c_p.l(libshutdown2.o)
    0x0000012c   0x0000012c   0x00000000   Code   RO          213    .ARM.Collect$$rtentry$$00000000  c_p.l(__rtentry.o)
    0x0000012c   0x0000012c   0x00000000   Code   RO          216    .ARM.Collect$$rtentry$$00000002  c_p.l(__rtentry2.o)
    0x0000012c   0x0000012c   0x00000006   Code   RO          228    .ARM.Collect$$rtentry$$00000004  c_p.l(__rtentry4.o)
    0x00000132   0x00000132   0x00000000   Code   RO          218    .ARM.Collect$$rtentry$$00000009  c_p.l(__rtentry2.o)
    0x00000132   0x00000132   0x00000004   Code   RO          219    .ARM.Collect$$rtentry$$0000000A  c_p.l(__rtentry2.o)
    0x00000136   0x00000136   0x00000000   Code   RO          221    .ARM.Collect$$rtentry$$0000000C  c_p.l(__rtentry2.o)
    0x00000136   0x00000136   0x00000008   Code   RO          222    .ARM.Collect$$rtentry$$0000000D  c_p.l(__rtentry2.o)
    0x0000013e   0x0000013e   0x00000002   Code   RO          245    .ARM.Collect$$rtexit$$00000000  c_p.l(rtexit.o)
    0x00000140   0x00000140   0x00000000   Code   RO          293    .ARM.Collect$$rtexit$$00000002  c_p.l(rtexit2.o)
    0x00000140   0x00000140   0x00000004   Code   RO          294    .ARM.Collect$$rtexit$$00000003  c_p.l(rtexit2.o)
    0x00000144   0x00000144   0x00000006   Code   RO          295    .ARM.Collect$$rtexit$$00000004  c_p.l(rtexit2.o)
    0x0000014a   0x0000014a   0x00000002   PAD
    0x0000014c   0x0000014c   0x0000002c   Code   RO           13    .text               startup_mspm0g350x_uvision.o
    0x00000178   0x00000178   0x00000006   Code   RO          201    .text               c_p.l(heapauxi.o)
    0x0000017e   0x0000017e   0x0000003e   Code   RO          230    .text               c_p.l(sys_stackheap_outer.o)
    0x000001bc   0x000001bc   0x00000010   Code   RO          233    .text               c_p.l(exit.o)
    0x000001cc   0x000001cc   0x00000008   Code   RO          241    .text               c_p.l(libspace.o)
    0x000001d4   0x000001d4   0x0000000c   Code   RO          303    .text               c_p.l(sys_exit.o)
    0x000001e0   0x000001e0   0x00000002   Code   RO          318    .text               c_p.l(use_no_semi.o)
    0x000001e2   0x000001e2   0x00000000   Code   RO          320    .text               c_p.l(indicate_semi.o)
    0x000001e2   0x000001e2   0x00000002   PAD
    0x000001e4   0x000001e4   0x0000001c   Code   RO           44    .text.AppSM_Init    app_state_machine.o
    0x00000200   0x00000200   0x00000078   Code   RO           46    .text.AppSM_Run     app_state_machine.o
    0x00000278   0x00000278   0x00000008   Code   RO           36    .text.Board_Init    board.o
    0x00000280   0x00000280   0x00000002   Code   RO          119    .text.BspEncoder_Init  bsp_encoder.o
    0x00000282   0x00000282   0x00000002   Code   RO          121    .text.BspEncoder_Update  bsp_encoder.o
    0x00000284   0x00000284   0x00000002   Code   RO          106    .text.BspMotor_Init  bsp_motor.o
    0x00000286   0x00000286   0x00000002   Code   RO          110    .text.BspMotor_Stop  bsp_motor.o
    0x00000288   0x00000288   0x00000002   Code   RO          108    .text.BspMotor_Update  bsp_motor.o
    0x0000028a   0x0000028a   0x00000002   Code   RO          134    .text.BspOled_Init  bsp_oled.o
    0x0000028c   0x0000028c   0x0000000a   Code   RO          191    .text.DL_Common_delayCycles  driverlib.a(dl_common.o)
    0x00000296   0x00000296   0x00000002   PAD
    0x00000298   0x00000298   0x00000008   Code   RO           81    .text.MsgMap_Clear  msg_map.o
    0x000002a0   0x000002a0   0x00000008   Code   RO           77    .text.MsgMap_Get    msg_map.o
    0x000002a8   0x000002a8   0x0000000c   Code   RO           75    .text.MsgMap_Init   msg_map.o
    0x000002b4   0x000002b4   0x00000002   Code   RO           61    .text.PID_Init      pid_ctrl.o
    0x000002b6   0x000002b6   0x00000002   Code   RO           63    .text.PID_Update    pid_ctrl.o
    0x000002b8   0x000002b8   0x00000002   Code   RO           24    .text.SYSCFG_DL_GPIO_init  ti_msp_dl_config.o
    0x000002ba   0x000002ba   0x00000002   PAD
    0x000002bc   0x000002bc   0x00000040   Code   RO           26    .text.SYSCFG_DL_SYSCTL_init  ti_msp_dl_config.o
    0x000002fc   0x000002fc   0x00000010   Code   RO           20    .text.SYSCFG_DL_init  ti_msp_dl_config.o
    0x0000030c   0x0000030c   0x0000002c   Code   RO           22    .text.SYSCFG_DL_initPower  ti_msp_dl_config.o
    0x00000338   0x00000338   0x00000008   Code   RO           91    .text.SubSM_Init    sub_state_machine.o
    0x00000340   0x00000340   0x00000038   Code   RO           93    .text.SubSM_Run     sub_state_machine.o
    0x00000378   0x00000378   0x00000026   Code   RO            2    .text.main          main.o
    0x0000039e   0x0000039e   0x00000002   PAD
    0x000003a0   0x000003a0   0x00000010   Data   RO          376    Region$$Table       anon$$obj.o


    Execution Region RW_IRAM2 (Exec base: 0x20200000, Load base: 0x000003b0, Size: 0x00000168, Max: 0x00008000, ABSOLUTE)

    Exec Addr    Load Addr    Size         Type   Attr      Idx    E Section Name        Object

    0x20200000        -       0x00000060   Zero   RW          242    .bss                c_p.l(libspace.o)
    0x20200060        -       0x00000001   Zero   RW           83    .bss.s_msg          msg_map.o
    0x20200061        -       0x00000001   Zero   RW           52    .bss.s_state        app_state_machine.o
    0x20200062        -       0x00000001   Zero   RW           97    .bss.s_state        sub_state_machine.o
    0x20200063   0x000003b0   0x00000005   PAD
    0x20200068        -       0x00000000   Zero   RW           11    HEAP                startup_mspm0g350x_uvision.o
    0x20200068        -       0x00000100   Zero   RW           10    STACK               startup_mspm0g350x_uvision.o



  Load Region LR_BCR (Base: 0x41c00000, Size: 0x00000000, Max: 0x00000100, ABSOLUTE)

    Execution Region BCR_CONFIG (Exec base: 0x41c00000, Load base: 0x41c00000, Size: 0x00000000, Max: 0x00000080, ABSOLUTE)

    **** No section assigned to this execution region ****



  Load Region LR_BSL (Base: 0x41c00100, Size: 0x00000000, Max: 0x00000100, ABSOLUTE)

    Execution Region BSL_CONFIG (Exec base: 0x41c00100, Load base: 0x41c00100, Size: 0x00000000, Max: 0x00000080, ABSOLUTE)

    **** No section assigned to this execution region ****


==============================================================================

Image component sizes


      Code (inc. data)   RO Data    RW Data    ZI Data      Debug   Object Name

       148          8          0          0          1       1823   app_state_machine.o
         8          0          0          0          0        376   board.o
         4          0          0          0          0        764   bsp_encoder.o
         6          0          0          0          0        548   bsp_motor.o
         2          0          0          0          0        466   bsp_oled.o
        38          0          0          0          0        644   main.o
        28          4          0          0          1        975   msg_map.o
         4          0          0          0          0       1191   pid_ctrl.o
        44         18        192          0        256        704   startup_mspm0g350x_uvision.o
        64          4          0          0          1       1578   sub_state_machine.o
       126         24          0          0          0      13218   ti_msp_dl_config.o

    ----------------------------------------------------------------------
       476         58        208          0        264      22287   Object Totals
         0          0         16          0          0          0   (incl. Generated)
         4          0          0          0          5          0   (incl. Padding)

    ----------------------------------------------------------------------

      Code (inc. data)   RO Data    RW Data    ZI Data      Debug   Library Member Name

         8          0          0          0          0         68   __main.o
         0          0          0          0          0          0   __rtentry.o
        12          0          0          0          0          0   __rtentry2.o
         6          0          0          0          0          0   __rtentry4.o
        60          8          0          0          0          0   __scatter.o
        28          0          0          0          0          0   __scatter_zi.o
        16          0          0          0          0         68   exit.o
         6          0          0          0          0        136   heapauxi.o
         0          0          0          0          0          0   indicate_semi.o
         2          0          0          0          0          0   libinit.o
         2          0          0          0          0          0   libinit2.o
         2          0          0          0          0          0   libshutdown.o
         2          0          0          0          0          0   libshutdown2.o
         8          4          0          0         96         68   libspace.o
         2          0          0          0          0          0   rtexit.o
        10          0          0          0          0          0   rtexit2.o
        12          4          0          0          0         60   sys_exit.o
        62          0          0          0          0         80   sys_stackheap_outer.o
         2          0          0          0          0         68   use_no_semi.o
        10          0          0          0          0        802   dl_common.o

    ----------------------------------------------------------------------
       260         20          0          0         96       1350   Library Totals
        10          4          0          0          0          0   (incl. Padding)

    ----------------------------------------------------------------------

      Code (inc. data)   RO Data    RW Data    ZI Data      Debug   Library Name

       240         16          0          0         96        548   c_p.l
        10          0          0          0          0        802   driverlib.a

    ----------------------------------------------------------------------
       260         20          0          0         96       1350   Library Totals

    ----------------------------------------------------------------------

==============================================================================


      Code (inc. data)   RO Data    RW Data    ZI Data      Debug   

       736         78        208          0        360      23333   Grand Totals
       736         78        208          0        360      23333   ELF Image Totals
       736         78        208          0          0          0   ROM Totals

==============================================================================

    Total RO  Size (Code + RO Data)                  944 (   0.92kB)
    Total RW  Size (RW Data + ZI Data)               360 (   0.35kB)
    Total ROM Size (Code + RO Data + RW Data)        944 (   0.92kB)

==============================================================================

